Bonjour Julie Albini de Montbeliard, votre inscription a bien ete prise en compte a l'addresse mail suivante : julie.albini@ynov.com
